// Jest Snapshot v1, https://goo.gl/fbAQLP

exports[`App Snapshot matches snapshot 1`] = `
<DocumentFragment>
  <div
    class="app"
  >
    <header>
      <div
        data-testid="navbar"
      >
        NavBar
      </div>
    </header>
    <main />
  </div>
</DocumentFragment>
`;